// Jest Snapshot v1, https://goo.gl/fbAQLP

exports[`Home page matches snapshot 1`] = `
<DocumentFragment>
  <div
    class="jsx-1930032537 container mx-auto"
  >
    <main
      class="jsx-1930032537"
    >
      <h1
        class="jsx-1930032537 title mb-4 text-white"
      >
        9calc
      </h1>
      <div
        class="jsx-1930032537"
        id="calculator"
      >
        <div
          class="jsx-1930032537 display"
        >
          <div
            class="jsx-1930032537 input"
            data-testid="input"
          >
            0
          </div>
          <div
            class="jsx-1930032537 output"
            data-testid="output"
          >
            225
          </div>
        </div>
        <div
          class="jsx-1930032537"
          id="number-pad"
        >
          <div
            class="jsx-1930032537"
          >
            <button
              class="jsx-1930032537 btn"
            >
              7
            </button>
            <button
              class="jsx-1930032537 btn"
            >
              8
            </button>
            <button
              class="jsx-1930032537 btn"
            >
              9
            </button>
            <button
              class="jsx-1930032537 btn"
            >
              รท
            </button>
          </div>
          <div
            class="jsx-1930032537"
          >
            <button
              class="jsx-1930032537 btn"
            >
              4
            </button>
            <button
              class="jsx-1930032537 btn"
            >
              5
            </button>
            <button
              class="jsx-1930032537 btn"
            >
              6
            </button>
            <button
              class="jsx-1930032537 btn"
            >
              ร
            </button>
          </div>
          <div
            class="jsx-1930032537"
          >
            <button
              class="jsx-1930032537 btn"
            >
              1
            </button>
            <button
              class="jsx-1930032537 btn"
            >
              2
            </button>
            <button
              class="jsx-1930032537 btn"
            >
              3
            </button>
            <button
              class="jsx-1930032537 btn"
            >
              -
            </button>
          </div>
          <div
            class="jsx-1930032537"
          >
            <button
              class="jsx-1930032537 btn"
            >
              C
            </button>
            <button
              class="jsx-1930032537 btn"
            >
              0
            </button>
            <button
              class="jsx-1930032537 btn"
            >
              =
            </button>
            <button
              class="jsx-1930032537 btn"
            >
              +
            </button>
          </div>
        </div>
      </div>
      <div
        class="jsx-1930032537"
        data-testid="source"
        id="source"
      />
    </main>
  </div>
</DocumentFragment>
`;
